EN processeurandco NULL /home/k4user/poly-imag/archi2/projet/ise/../vhdl/ProcesseurAndCo.vhd sub00/vhpl36 1266155554
EN ramdoubleport NULL /home/k4user/poly-imag/archi2/projet/ise/../vhdl/RAMDoublePort.vhd sub00/vhpl32 1266155550
EN genesync NULL /home/k4user/poly-imag/archi2/projet/ise/../vhdl/GeneSync.vhd sub00/vhpl22 1266155538
AR mux_8_16 behavioral /home/k4user/poly-imag/archi2/projet/ise/../vhdl/mux_8_16.vhd sub00/vhpl15 1266155531
AR vga behavioral /home/k4user/poly-imag/archi2/projet/ise/../vhdl/VGA.vhd sub00/vhpl35 1266155553
EN ual NULL /home/k4user/poly-imag/archi2/projet/ise/../vhdl/UAL.vhd sub00/vhpl18 1266155534
EN romprog NULL /home/k4user/poly-imag/archi2/projet/ise/../vhdl/ROMPROG.vhd sub00/vhpl30 1266155548
AR testbench test /home/k4user/poly-imag/archi2/projet/ise/../testbench.vhd sub00/vhpl39 1266065486
AR processeur behavioral /home/k4user/poly-imag/archi2/projet/ise/../vhdl/Processeur.vhd sub00/vhpl29 1266155547
EN mux_8_16 NULL /home/k4user/poly-imag/archi2/projet/ise/../vhdl/mux_8_16.vhd sub00/vhpl14 1266155530
AR ramdoubleport behavioral /home/k4user/poly-imag/archi2/projet/ise/../vhdl/RAMDoublePort.vhd sub00/vhpl33 1266155551
AR processeurandco behavioral /home/k4user/poly-imag/archi2/projet/ise/../vhdl/ProcesseurAndCo.vhd sub00/vhpl37 1266155555
EN processeur NULL /home/k4user/poly-imag/archi2/projet/ise/../vhdl/Processeur.vhd sub00/vhpl28 1266155546
EN mux_2_16 NULL /home/k4user/poly-imag/archi2/projet/ise/../vhdl/mux_2_16.vhd sub00/vhpl10 1266155526
EN demux_8_1 NULL /home/k4user/poly-imag/archi2/projet/ise/../vhdl/demux_8_1.vhd sub00/vhpl16 1266155532
EN testbench NULL /home/k4user/poly-imag/archi2/projet/ise/../testbench.vhd sub00/vhpl38 1266065485
EN vga NULL /home/k4user/poly-imag/archi2/projet/ise/../vhdl/VGA.vhd sub00/vhpl34 1266155552
AR mux_2_16 behavioral /home/k4user/poly-imag/archi2/projet/ise/../vhdl/mux_2_16.vhd sub00/vhpl11 1266155527
EN po NULL /home/k4user/poly-imag/archi2/projet/ise/../vhdl/PO.vhd sub00/vhpl26 1266155544
EN reg16 NULL /home/k4user/poly-imag/archi2/projet/ise/../vhdl/reg16.vhd sub00/vhpl06 1266155524
AR cond_checker behavioral /home/k4user/poly-imag/archi2/projet/ise/../vhdl/cond_checker.vhd sub00/vhpl13 1266155529
EN testbench_vhd NULL /home/k4user/poly-imag/archi2/projet/ise/testbench.vhd sub00/vhpl04 1265743487
EN reg16inc NULL /home/k4user/poly-imag/archi2/projet/ise/../vhdl/reg16inc.vhd sub00/vhpl08 1266065453
AR po behavioral /home/k4user/poly-imag/archi2/projet/ise/../vhdl/PO.vhd sub00/vhpl27 1266155545
EN genergb NULL /home/k4user/poly-imag/archi2/projet/ise/../vhdl/GeneRGB.vhd sub00/vhpl24 1266155540
AR demux_8_1 behavioral /home/k4user/poly-imag/archi2/projet/ise/../vhdl/demux_8_1.vhd sub00/vhpl17 1266155533
AR ual behavioral /home/k4user/poly-imag/archi2/projet/ise/../vhdl/UAL.vhd sub00/vhpl19 1266155535
AR reg16inc behavioral /home/k4user/poly-imag/archi2/projet/ise/../vhdl/reg16inc.vhd sub00/vhpl09 1266065454
AR reg16 behavioral /home/k4user/poly-imag/archi2/projet/ise/../vhdl/reg16.vhd sub00/vhpl07 1266155525
AR genesync behavioral /home/k4user/poly-imag/archi2/projet/ise/../vhdl/GeneSync.vhd sub00/vhpl23 1266155539
EN fsm NULL /home/k4user/poly-imag/archi2/projet/ise/../vhdl/FSM.vhd sub00/vhpl02 1266155542
AR genergb behavioral /home/k4user/poly-imag/archi2/projet/ise/../vhdl/GeneRGB.vhd sub00/vhpl25 1266155541
EN cond_checker NULL /home/k4user/poly-imag/archi2/projet/ise/../vhdl/cond_checker.vhd sub00/vhpl12 1266155528
AR testbench_vhd behavior /home/k4user/poly-imag/archi2/projet/ise/testbench.vhd sub00/vhpl05 1265743488
EN reg1 NULL /home/k4user/poly-imag/archi2/projet/ise/../vhdl/reg1.vhd sub00/vhpl20 1266155536
AR romprog behavioral /home/k4user/poly-imag/archi2/projet/ise/../vhdl/ROMPROG.vhd sub00/vhpl31 1266155549
AR reg1 behavioral /home/k4user/poly-imag/archi2/projet/ise/../vhdl/reg1.vhd sub00/vhpl21 1266155537
AR fsm behavioral /home/k4user/poly-imag/archi2/projet/ise/../vhdl/FSM.vhd sub00/vhpl03 1266155543
AR stimulus_clock stimulator /home/k4user/poly-imag/archi2/projet/ise/../vhdl/stimulus_clock.vhd sub00/vhpl01 1265740897
EN stimulus_clock NULL /home/k4user/poly-imag/archi2/projet/ise/../vhdl/stimulus_clock.vhd sub00/vhpl00 1265741381
