V3 77
FL /home/k4user/poly-imag/archi2/projet/ise/../testbench.vhd 2010/02/13.13:26:46 J.36
EN isim_temp/testbench 1266065485 \
      FL /home/k4user/poly-imag/archi2/projet/ise/../testbench.vhd \
      PB ieee/std_logic_1164 1179176234
AR isim_temp/testbench/test 1266065486 \
      FL /home/k4user/poly-imag/archi2/projet/ise/../testbench.vhd \
      EN isim_temp/testbench 1266065485 CP ProcesseurAndCo
FL /home/k4user/poly-imag/archi2/projet/ise/../vhdl/cond_checker.vhd 2010/02/12.12:58:20 J.36
EN isim_temp/cond_checker 1266155528 \
      FL /home/k4user/poly-imag/archi2/projet/ise/../vhdl/cond_checker.vhd \
      PB ieee/std_logic_1164 1179176234
AR isim_temp/cond_checker/Behavioral 1266155529 \
      FL /home/k4user/poly-imag/archi2/projet/ise/../vhdl/cond_checker.vhd \
      EN isim_temp/cond_checker 1266155528
FL /home/k4user/poly-imag/archi2/projet/ise/../vhdl/demux_8_1.vhd 2010/02/12.12:58:33 J.36
EN isim_temp/demux_8_1 1266155532 \
      FL /home/k4user/poly-imag/archi2/projet/ise/../vhdl/demux_8_1.vhd \
      PB ieee/std_logic_1164 1179176234
AR isim_temp/demux_8_1/Behavioral 1266155533 \
      FL /home/k4user/poly-imag/archi2/projet/ise/../vhdl/demux_8_1.vhd \
      EN isim_temp/demux_8_1 1266155532
FL /home/k4user/poly-imag/archi2/projet/ise/../vhdl/FSM.vhd 2010/02/14.14:09:21 J.36
EN isim_temp/FSM 1266155542 \
      FL /home/k4user/poly-imag/archi2/projet/ise/../vhdl/FSM.vhd \
      PB ieee/std_logic_1164 1179176234 PB ieee/NUMERIC_STD 1179176248
AR isim_temp/FSM/Behavioral 1266155543 \
      FL /home/k4user/poly-imag/archi2/projet/ise/../vhdl/FSM.vhd \
      EN isim_temp/FSM 1266155542
FL /home/k4user/poly-imag/archi2/projet/ise/../vhdl/GeneRGB.vhd 2010/02/12.12:58:01 J.36
EN isim_temp/GeneRGB 1266155540 \
      FL /home/k4user/poly-imag/archi2/projet/ise/../vhdl/GeneRGB.vhd \
      PB ieee/std_logic_1164 1179176234 PB ieee/NUMERIC_STD 1179176248
AR isim_temp/GeneRGB/Behavioral 1266155541 \
      FL /home/k4user/poly-imag/archi2/projet/ise/../vhdl/GeneRGB.vhd \
      EN isim_temp/GeneRGB 1266155540
FL /home/k4user/poly-imag/archi2/projet/ise/../vhdl/GeneSync.vhd 2010/02/12.19:08:49 J.36
EN isim_temp/GeneSync 1266155538 \
      FL /home/k4user/poly-imag/archi2/projet/ise/../vhdl/GeneSync.vhd \
      PB ieee/std_logic_1164 1179176234 PB ieee/NUMERIC_STD 1179176248
AR isim_temp/GeneSync/Behavioral 1266155539 \
      FL /home/k4user/poly-imag/archi2/projet/ise/../vhdl/GeneSync.vhd \
      EN isim_temp/GeneSync 1266155538
FL /home/k4user/poly-imag/archi2/projet/ise/../vhdl/mux_2_16.vhd 2010/02/12.12:58:49 J.36
EN isim_temp/mux_2_16 1266155526 \
      FL /home/k4user/poly-imag/archi2/projet/ise/../vhdl/mux_2_16.vhd \
      PB ieee/std_logic_1164 1179176234
AR isim_temp/mux_2_16/Behavioral 1266155527 \
      FL /home/k4user/poly-imag/archi2/projet/ise/../vhdl/mux_2_16.vhd \
      EN isim_temp/mux_2_16 1266155526
FL /home/k4user/poly-imag/archi2/projet/ise/../vhdl/mux_8_16.vhd 2010/02/12.12:58:42 J.36
EN isim_temp/mux_8_16 1266155530 \
      FL /home/k4user/poly-imag/archi2/projet/ise/../vhdl/mux_8_16.vhd \
      PB ieee/std_logic_1164 1179176234
AR isim_temp/mux_8_16/Behavioral 1266155531 \
      FL /home/k4user/poly-imag/archi2/projet/ise/../vhdl/mux_8_16.vhd \
      EN isim_temp/mux_8_16 1266155530
FL /home/k4user/poly-imag/archi2/projet/ise/../vhdl/PO.vhd 2010/02/14.13:53:57 J.36
EN isim_temp/PO 1266155544 \
      FL /home/k4user/poly-imag/archi2/projet/ise/../vhdl/PO.vhd \
      PB ieee/std_logic_1164 1179176234 PB ieee/NUMERIC_STD 1179176248
AR isim_temp/PO/Behavioral 1266155545 \
      FL /home/k4user/poly-imag/archi2/projet/ise/../vhdl/PO.vhd EN isim_temp/PO 1266155544 \
      CP reg16 CP mux_2_16 CP cond_checker CP mux_8_16 CP demux_8_1 CP UAL CP reg1
FL /home/k4user/poly-imag/archi2/projet/ise/../vhdl/Processeur.vhd 2010/02/12.23:08:21 J.36
EN isim_temp/Processeur 1266155546 \
      FL /home/k4user/poly-imag/archi2/projet/ise/../vhdl/Processeur.vhd \
      PB ieee/std_logic_1164 1179176234
AR isim_temp/Processeur/Behavioral 1266155547 \
      FL /home/k4user/poly-imag/archi2/projet/ise/../vhdl/Processeur.vhd \
      EN isim_temp/Processeur 1266155546 CP FSM CP PO
FL /home/k4user/poly-imag/archi2/projet/ise/../vhdl/ProcesseurAndCo.vhd 2010/02/12.12:57:41 J.36
EN isim_temp/ProcesseurAndCo 1266155554 \
      FL /home/k4user/poly-imag/archi2/projet/ise/../vhdl/ProcesseurAndCo.vhd \
      PB ieee/std_logic_1164 1179176234
AR isim_temp/ProcesseurAndCo/Behavioral 1266155555 \
      FL /home/k4user/poly-imag/archi2/projet/ise/../vhdl/ProcesseurAndCo.vhd \
      EN isim_temp/ProcesseurAndCo 1266155554 CP Processeur CP ROMPROG \
      CP RAMDoublePort CP VGA
FL /home/k4user/poly-imag/archi2/projet/ise/../vhdl/RAMDoublePort.vhd 2010/02/12.19:09:30 J.36
EN isim_temp/RAMDoublePort 1266155550 \
      FL /home/k4user/poly-imag/archi2/projet/ise/../vhdl/RAMDoublePort.vhd \
      PB ieee/std_logic_1164 1179176234 PB ieee/NUMERIC_STD 1179176248
AR isim_temp/RAMDoublePort/Behavioral 1266155551 \
      FL /home/k4user/poly-imag/archi2/projet/ise/../vhdl/RAMDoublePort.vhd \
      EN isim_temp/RAMDoublePort 1266155550
FL /home/k4user/poly-imag/archi2/projet/ise/../vhdl/reg1.vhd 2010/02/13.13:37:00 J.36
EN isim_temp/reg1 1266155536 \
      FL /home/k4user/poly-imag/archi2/projet/ise/../vhdl/reg1.vhd \
      PB ieee/std_logic_1164 1179176234
AR isim_temp/reg1/Behavioral 1266155537 \
      FL /home/k4user/poly-imag/archi2/projet/ise/../vhdl/reg1.vhd \
      EN isim_temp/reg1 1266155536
FL /home/k4user/poly-imag/archi2/projet/ise/../vhdl/reg16.vhd 2010/02/14.14:14:40 J.36
EN isim_temp/reg16 1266155524 \
      FL /home/k4user/poly-imag/archi2/projet/ise/../vhdl/reg16.vhd \
      PB ieee/std_logic_1164 1179176234
AR isim_temp/reg16/Behavioral 1266155525 \
      FL /home/k4user/poly-imag/archi2/projet/ise/../vhdl/reg16.vhd \
      EN isim_temp/reg16 1266155524
FL /home/k4user/poly-imag/archi2/projet/ise/../vhdl/reg16inc.vhd 2010/02/13.01:26:54 J.36
EN isim_temp/reg16inc 1266065453 \
      FL /home/k4user/poly-imag/archi2/projet/ise/../vhdl/reg16inc.vhd \
      PB ieee/std_logic_1164 1179176234 PB ieee/NUMERIC_STD 1179176248
AR isim_temp/reg16inc/Behavioral 1266065454 \
      FL /home/k4user/poly-imag/archi2/projet/ise/../vhdl/reg16inc.vhd \
      EN isim_temp/reg16inc 1266065453 CP reg16
FL /home/k4user/poly-imag/archi2/projet/ise/../vhdl/ROMPROG.vhd 2010/02/14.13:54:36 J.36
EN isim_temp/ROMPROG 1266155548 \
      FL /home/k4user/poly-imag/archi2/projet/ise/../vhdl/ROMPROG.vhd \
      PB ieee/std_logic_1164 1179176234 PB ieee/NUMERIC_STD 1179176248
AR isim_temp/ROMPROG/Behavioral 1266155549 \
      FL /home/k4user/poly-imag/archi2/projet/ise/../vhdl/ROMPROG.vhd \
      EN isim_temp/ROMPROG 1266155548
FL /home/k4user/poly-imag/archi2/projet/ise/../vhdl/stimulus_clock.vhd 2010/02/09.19:41:24 J.36
EN isim_temp/stimulus_clock 1265740896 \
      FL /home/k4user/poly-imag/archi2/projet/ise/../vhdl/stimulus_clock.vhd \
      PB ieee/std_logic_1164 1179176234
AR isim_temp/stimulus_clock/STIMULATOR 1265740897 \
      FL /home/k4user/poly-imag/archi2/projet/ise/../vhdl/stimulus_clock.vhd \
      EN isim_temp/stimulus_clock 1265740896
FL /home/k4user/poly-imag/archi2/projet/ise/../vhdl/UAL.vhd 2010/02/13.13:41:25 J.36
EN isim_temp/UAL 1266155534 \
      FL /home/k4user/poly-imag/archi2/projet/ise/../vhdl/UAL.vhd \
      PB ieee/std_logic_1164 1179176234 PB ieee/NUMERIC_STD 1179176248
AR isim_temp/UAL/Behavioral 1266155535 \
      FL /home/k4user/poly-imag/archi2/projet/ise/../vhdl/UAL.vhd \
      EN isim_temp/UAL 1266155534
FL /home/k4user/poly-imag/archi2/projet/ise/../vhdl/VGA.vhd 2010/02/12.12:57:51 J.36
EN isim_temp/VGA 1266155552 \
      FL /home/k4user/poly-imag/archi2/projet/ise/../vhdl/VGA.vhd \
      PB ieee/std_logic_1164 1179176234
AR isim_temp/VGA/Behavioral 1266155553 \
      FL /home/k4user/poly-imag/archi2/projet/ise/../vhdl/VGA.vhd \
      EN isim_temp/VGA 1266155552 CP GeneSync CP GeneRGB
FL /home/k4user/poly-imag/archi2/projet/ise/testbench.vhd 2010/02/09.20:22:53 J.36
EN isim_temp/testbench_vhd 1265743487 \
      FL /home/k4user/poly-imag/archi2/projet/ise/testbench.vhd \
      PB ieee/std_logic_1164 1179176234 PB ieee/STD_LOGIC_UNSIGNED 1179176242 \
      PB ieee/NUMERIC_STD 1179176248
AR isim_temp/testbench_vhd/behavior 1265743488 \
      FL /home/k4user/poly-imag/archi2/projet/ise/testbench.vhd \
      EN isim_temp/testbench_vhd 1265743487 CP FSM
