AR fifo behavioral /home/k4user/poly-imag/archi2/projet/vhdl/FIFO.vhd sub00/vhpl56 1268393217
AR shifter behavioral /home/k4user/poly-imag/archi2/projet/vhdl/shifter.vhd sub00/vhpl54 1268393205
AR ual structural /home/k4user/poly-imag/archi2/projet/vhdl/UAL.vhd sub00/vhpl50 1267023537
EN processeurandco NULL /home/k4user/poly-imag/archi2/projet/vhdl/ProcesseurAndCo.vhd sub00/vhpl38 1268393242
EN ramdoubleport NULL /home/k4user/poly-imag/archi2/projet/vhdl/RAMDoublePort.vhd sub00/vhpl34 1268393232
EN irq NULL /home/k4user/poly-imag/archi2/projet/vhdl/IRQ.vhd sub00/vhpl44 1268393234
EN genesync NULL /home/k4user/poly-imag/archi2/projet/vhdl/GeneSync.vhd sub00/vhpl20 1268393218
AR mux_8_16 behavioral /home/k4user/poly-imag/archi2/projet/vhdl/mux_8_16.vhd sub00/vhpl13 1266274115
EN ual NULL /home/k4user/poly-imag/archi2/projet/vhdl/UAL.vhd sub00/vhpl16 1268393212
AR vga behavioral /home/k4user/poly-imag/archi2/projet/vhdl/VGA.vhd sub00/vhpl37 1268393237
EN romprog NULL /home/k4user/poly-imag/archi2/projet/vhdl/ROMPROG.vhd sub00/vhpl32 1268393228
AR processeur behavioral /home/k4user/poly-imag/archi2/projet/vhdl/Processeur.vhd sub00/vhpl31 1268393227
EN mux_8_16 NULL /home/k4user/poly-imag/archi2/projet/vhdl/mux_8_16.vhd sub00/vhpl12 1266274114
AR ramdoubleport behavioral /home/k4user/poly-imag/archi2/projet/vhdl/RAMDoublePort.vhd sub00/vhpl35 1268393233
AR mux_4_16 behavioral /home/k4user/poly-imag/archi2/projet/vhdl/mux_4_16.vhd sub00/vhpl41 1267122591
EN add16 NULL /home/k4user/poly-imag/archi2/projet/vhdl/add16.vhd sub00/vhpl08 1266246273
EN processeur NULL /home/k4user/poly-imag/archi2/projet/vhdl/Processeur.vhd sub00/vhpl30 1268393226
AR processeurandco behavioral /home/k4user/poly-imag/archi2/projet/vhdl/ProcesseurAndCo.vhd sub00/vhpl39 1268393243
EN mux_2_16 NULL /home/k4user/poly-imag/archi2/projet/vhdl/mux_2_16.vhd sub00/vhpl02 1268393210
EN demux_8_1 NULL /home/k4user/poly-imag/archi2/projet/vhdl/demux_8_1.vhd sub00/vhpl14 1266273339
EN vga NULL /home/k4user/poly-imag/archi2/projet/vhdl/VGA.vhd sub00/vhpl36 1268393236
AR irq behavioral /home/k4user/poly-imag/archi2/projet/vhdl/IRQ.vhd sub00/vhpl45 1268393235
AR mux_2_16 behavioral /home/k4user/poly-imag/archi2/projet/vhdl/mux_2_16.vhd sub00/vhpl03 1268393211
EN po NULL /home/k4user/poly-imag/archi2/projet/vhdl/PO.vhd sub00/vhpl26 1268393224
EN reg16 NULL /home/k4user/poly-imag/archi2/projet/vhdl/reg16.vhd sub00/vhpl00 1268393208
EN shifter NULL /home/k4user/poly-imag/archi2/projet/vhdl/shifter.vhd sub00/vhpl53 1268393204
AR cond_checker behavioral /home/k4user/poly-imag/archi2/projet/vhdl/cond_checker.vhd sub00/vhpl11 1268393215
EN reg16inc NULL /home/k4user/poly-imag/archi2/projet/vhdl/reg16inc.vhd sub00/vhpl06 1266246271
EN mmu NULL /home/k4user/poly-imag/archi2/projet/vhdl/MMU.vhd sub00/vhpl42 1268393230
AR po behavioral /home/k4user/poly-imag/archi2/projet/vhdl/PO.vhd sub00/vhpl27 1268393225
EN fast_adder NULL /home/k4user/poly-imag/archi2/projet/vhdl/fast_adder.vhd sub00/vhpl51 1268393202
AR add16 behavioral /home/k4user/poly-imag/archi2/projet/vhdl/add16.vhd sub00/vhpl09 1266246274
EN mux_16_1 NULL /home/k4user/poly-imag/archi2/projet/vhdl/mux_16_1.vhd sub00/vhpl04 1265743535
EN genergb NULL /home/k4user/poly-imag/archi2/projet/vhdl/GeneRGB.vhd sub00/vhpl22 1268393220
AR demux_8_1 behavioral /home/k4user/poly-imag/archi2/projet/vhdl/demux_8_1.vhd sub00/vhpl15 1266273340
AR ual behavioral /home/k4user/poly-imag/archi2/projet/vhdl/UAL.vhd sub00/vhpl17 1268393213
AR reg16inc behavioral /home/k4user/poly-imag/archi2/projet/vhdl/reg16inc.vhd sub00/vhpl07 1266246272
AR mux_16_1 behavioral /home/k4user/poly-imag/archi2/projet/vhdl/mux_16_1.vhd sub00/vhpl05 1265743536
AR reg16 behavioral /home/k4user/poly-imag/archi2/projet/vhdl/reg16.vhd sub00/vhpl01 1268393209
EN mux_4_16 NULL /home/k4user/poly-imag/archi2/projet/vhdl/mux_4_16.vhd sub00/vhpl40 1267122590
AR mmu behavioral /home/k4user/poly-imag/archi2/projet/vhdl/MMU.vhd sub00/vhpl43 1268393231
EN ps2 NULL /home/k4user/poly-imag/archi2/projet/vhdl/PS2.vhd sub00/vhpl46 1268393238
AR genesync behavioral /home/k4user/poly-imag/archi2/projet/vhdl/GeneSync.vhd sub00/vhpl21 1268393219
EN fsm NULL /home/k4user/poly-imag/archi2/projet/vhdl/FSM.vhd sub00/vhpl24 1268393222
AR genergb behavioral /home/k4user/poly-imag/archi2/projet/vhdl/GeneRGB.vhd sub00/vhpl23 1268393221
EN cond_checker NULL /home/k4user/poly-imag/archi2/projet/vhdl/cond_checker.vhd sub00/vhpl10 1268393214
AR fast_adder structural_ks /home/k4user/poly-imag/archi2/projet/vhdl/fast_adder.vhd sub00/vhpl52 1268393203
EN reg1 NULL /home/k4user/poly-imag/archi2/projet/vhdl/reg1.vhd sub00/vhpl18 1268393206
AR romprog behavioral /home/k4user/poly-imag/archi2/projet/vhdl/ROMPROG.vhd sub00/vhpl33 1268393229
AR reg1 behavioral /home/k4user/poly-imag/archi2/projet/vhdl/reg1.vhd sub00/vhpl19 1268393207
EN fifo NULL /home/k4user/poly-imag/archi2/projet/vhdl/FIFO.vhd sub00/vhpl55 1268393216
AR ps2 behavioral /home/k4user/poly-imag/archi2/projet/vhdl/PS2.vhd sub00/vhpl47 1268393239
AR fsm behavioral /home/k4user/poly-imag/archi2/projet/vhdl/FSM.vhd sub00/vhpl25 1268393223
AR stimulus_clock stimulator /home/k4user/poly-imag/archi2/projet/vhdl/stimulus_clock.vhd sub00/vhpl29 1265740076
AR timer behavioral /home/k4user/poly-imag/archi2/projet/vhdl/Timer.vhd sub00/vhpl49 1268393241
EN timer NULL /home/k4user/poly-imag/archi2/projet/vhdl/Timer.vhd sub00/vhpl48 1268393240
EN stimulus_clock NULL /home/k4user/poly-imag/archi2/projet/vhdl/stimulus_clock.vhd sub00/vhpl28 1265740075
