AR fifo behavioral /home/k4user/poly-imag/archi2/projet/vhdl/FIFO.vhd sub00/vhpl56 1268315197
AR shifter behavioral /home/k4user/poly-imag/archi2/projet/vhdl/shifter.vhd sub00/vhpl54 1268315185
AR ual structural /home/k4user/poly-imag/archi2/projet/vhdl/UAL.vhd sub00/vhpl50 1267023537
EN processeurandco NULL /home/k4user/poly-imag/archi2/projet/vhdl/ProcesseurAndCo.vhd sub00/vhpl38 1268315222
EN ramdoubleport NULL /home/k4user/poly-imag/archi2/projet/vhdl/RAMDoublePort.vhd sub00/vhpl34 1268315212
EN irq NULL /home/k4user/poly-imag/archi2/projet/vhdl/IRQ.vhd sub00/vhpl44 1268315214
EN genesync NULL /home/k4user/poly-imag/archi2/projet/vhdl/GeneSync.vhd sub00/vhpl20 1268315198
AR mux_8_16 behavioral /home/k4user/poly-imag/archi2/projet/vhdl/mux_8_16.vhd sub00/vhpl13 1266274115
EN ual NULL /home/k4user/poly-imag/archi2/projet/vhdl/UAL.vhd sub00/vhpl16 1268315192
AR vga behavioral /home/k4user/poly-imag/archi2/projet/vhdl/VGA.vhd sub00/vhpl37 1268315217
EN romprog NULL /home/k4user/poly-imag/archi2/projet/vhdl/ROMPROG.vhd sub00/vhpl32 1268315208
AR processeur behavioral /home/k4user/poly-imag/archi2/projet/vhdl/Processeur.vhd sub00/vhpl31 1268315207
EN mux_8_16 NULL /home/k4user/poly-imag/archi2/projet/vhdl/mux_8_16.vhd sub00/vhpl12 1266274114
AR ramdoubleport behavioral /home/k4user/poly-imag/archi2/projet/vhdl/RAMDoublePort.vhd sub00/vhpl35 1268315213
AR mux_4_16 behavioral /home/k4user/poly-imag/archi2/projet/vhdl/mux_4_16.vhd sub00/vhpl41 1267122591
EN add16 NULL /home/k4user/poly-imag/archi2/projet/vhdl/add16.vhd sub00/vhpl08 1266246273
EN processeur NULL /home/k4user/poly-imag/archi2/projet/vhdl/Processeur.vhd sub00/vhpl30 1268315206
AR processeurandco behavioral /home/k4user/poly-imag/archi2/projet/vhdl/ProcesseurAndCo.vhd sub00/vhpl39 1268315223
EN mux_2_16 NULL /home/k4user/poly-imag/archi2/projet/vhdl/mux_2_16.vhd sub00/vhpl02 1268315190
EN demux_8_1 NULL /home/k4user/poly-imag/archi2/projet/vhdl/demux_8_1.vhd sub00/vhpl14 1266273339
EN vga NULL /home/k4user/poly-imag/archi2/projet/vhdl/VGA.vhd sub00/vhpl36 1268315216
AR irq behavioral /home/k4user/poly-imag/archi2/projet/vhdl/IRQ.vhd sub00/vhpl45 1268315215
AR mux_2_16 behavioral /home/k4user/poly-imag/archi2/projet/vhdl/mux_2_16.vhd sub00/vhpl03 1268315191
EN po NULL /home/k4user/poly-imag/archi2/projet/vhdl/PO.vhd sub00/vhpl26 1268315204
EN reg16 NULL /home/k4user/poly-imag/archi2/projet/vhdl/reg16.vhd sub00/vhpl00 1268315188
EN shifter NULL /home/k4user/poly-imag/archi2/projet/vhdl/shifter.vhd sub00/vhpl53 1268315184
AR cond_checker behavioral /home/k4user/poly-imag/archi2/projet/vhdl/cond_checker.vhd sub00/vhpl11 1268315195
EN reg16inc NULL /home/k4user/poly-imag/archi2/projet/vhdl/reg16inc.vhd sub00/vhpl06 1266246271
EN mmu NULL /home/k4user/poly-imag/archi2/projet/vhdl/MMU.vhd sub00/vhpl42 1268315210
AR po behavioral /home/k4user/poly-imag/archi2/projet/vhdl/PO.vhd sub00/vhpl27 1268315205
EN fast_adder NULL /home/k4user/poly-imag/archi2/projet/vhdl/fast_adder.vhd sub00/vhpl51 1268315182
AR add16 behavioral /home/k4user/poly-imag/archi2/projet/vhdl/add16.vhd sub00/vhpl09 1266246274
EN mux_16_1 NULL /home/k4user/poly-imag/archi2/projet/vhdl/mux_16_1.vhd sub00/vhpl04 1265743535
EN genergb NULL /home/k4user/poly-imag/archi2/projet/vhdl/GeneRGB.vhd sub00/vhpl22 1268315200
AR demux_8_1 behavioral /home/k4user/poly-imag/archi2/projet/vhdl/demux_8_1.vhd sub00/vhpl15 1266273340
AR ual behavioral /home/k4user/poly-imag/archi2/projet/vhdl/UAL.vhd sub00/vhpl17 1268315193
AR reg16inc behavioral /home/k4user/poly-imag/archi2/projet/vhdl/reg16inc.vhd sub00/vhpl07 1266246272
AR mux_16_1 behavioral /home/k4user/poly-imag/archi2/projet/vhdl/mux_16_1.vhd sub00/vhpl05 1265743536
AR reg16 behavioral /home/k4user/poly-imag/archi2/projet/vhdl/reg16.vhd sub00/vhpl01 1268315189
EN mux_4_16 NULL /home/k4user/poly-imag/archi2/projet/vhdl/mux_4_16.vhd sub00/vhpl40 1267122590
AR mmu behavioral /home/k4user/poly-imag/archi2/projet/vhdl/MMU.vhd sub00/vhpl43 1268315211
EN ps2 NULL /home/k4user/poly-imag/archi2/projet/vhdl/PS2.vhd sub00/vhpl46 1268315218
AR genesync behavioral /home/k4user/poly-imag/archi2/projet/vhdl/GeneSync.vhd sub00/vhpl21 1268315199
EN fsm NULL /home/k4user/poly-imag/archi2/projet/vhdl/FSM.vhd sub00/vhpl24 1268315202
AR genergb behavioral /home/k4user/poly-imag/archi2/projet/vhdl/GeneRGB.vhd sub00/vhpl23 1268315201
EN cond_checker NULL /home/k4user/poly-imag/archi2/projet/vhdl/cond_checker.vhd sub00/vhpl10 1268315194
AR fast_adder structural_ks /home/k4user/poly-imag/archi2/projet/vhdl/fast_adder.vhd sub00/vhpl52 1268315183
EN reg1 NULL /home/k4user/poly-imag/archi2/projet/vhdl/reg1.vhd sub00/vhpl18 1268315186
AR romprog behavioral /home/k4user/poly-imag/archi2/projet/vhdl/ROMPROG.vhd sub00/vhpl33 1268315209
AR reg1 behavioral /home/k4user/poly-imag/archi2/projet/vhdl/reg1.vhd sub00/vhpl19 1268315187
EN fifo NULL /home/k4user/poly-imag/archi2/projet/vhdl/FIFO.vhd sub00/vhpl55 1268315196
AR ps2 behavioral /home/k4user/poly-imag/archi2/projet/vhdl/PS2.vhd sub00/vhpl47 1268315219
AR fsm behavioral /home/k4user/poly-imag/archi2/projet/vhdl/FSM.vhd sub00/vhpl25 1268315203
AR stimulus_clock stimulator /home/k4user/poly-imag/archi2/projet/vhdl/stimulus_clock.vhd sub00/vhpl29 1265740076
AR timer behavioral /home/k4user/poly-imag/archi2/projet/vhdl/Timer.vhd sub00/vhpl49 1268315221
EN timer NULL /home/k4user/poly-imag/archi2/projet/vhdl/Timer.vhd sub00/vhpl48 1268315220
EN stimulus_clock NULL /home/k4user/poly-imag/archi2/projet/vhdl/stimulus_clock.vhd sub00/vhpl28 1265740075
