V3 105
FL /home/k4user/poly-imag/archi2/projet/ise/../vhdl/FSM.vhd 2010/02/08.17:41:38 J.40
FL /home/k4user/poly-imag/archi2/projet/vhdl/add16.vhd 2010/02/12.12:58:28 J.40
EN work/add16 1266246273 FL /home/k4user/poly-imag/archi2/projet/vhdl/add16.vhd \
      PB ieee/std_logic_1164 1177545575 PH ieee/NUMERIC_STD 1177545583
AR work/add16/Behavioral 1266246274 \
      FL /home/k4user/poly-imag/archi2/projet/vhdl/add16.vhd EN work/add16 1266246273
FL /home/k4user/poly-imag/archi2/projet/vhdl/cond_checker.vhd 2010/02/17.01:00:20 J.40
EN work/cond_checker 1268987225 \
      FL /home/k4user/poly-imag/archi2/projet/vhdl/cond_checker.vhd \
      PB ieee/std_logic_1164 1177545575
AR work/cond_checker/Behavioral 1268987226 \
      FL /home/k4user/poly-imag/archi2/projet/vhdl/cond_checker.vhd \
      EN work/cond_checker 1268987225
FL /home/k4user/poly-imag/archi2/projet/vhdl/demux_8_1.vhd 2010/02/12.12:58:33 J.40
EN work/demux_8_1 1266273339 \
      FL /home/k4user/poly-imag/archi2/projet/vhdl/demux_8_1.vhd \
      PB ieee/std_logic_1164 1177545575
AR work/demux_8_1/Behavioral 1266273340 \
      FL /home/k4user/poly-imag/archi2/projet/vhdl/demux_8_1.vhd \
      EN work/demux_8_1 1266273339
FL /home/k4user/poly-imag/archi2/projet/vhdl/fast_adder.vhd 2010/02/24.16:00:45 J.40
EN work/fast_adder 1268987215 \
      FL /home/k4user/poly-imag/archi2/projet/vhdl/fast_adder.vhd \
      PB ieee/std_logic_1164 1177545575 PH ieee/NUMERIC_STD 1177545583
AR work/fast_adder/structural_ks 1268987216 \
      FL /home/k4user/poly-imag/archi2/projet/vhdl/fast_adder.vhd \
      EN work/fast_adder 1268987215
FL /home/k4user/poly-imag/archi2/projet/vhdl/FIFO.vhd 2010/03/09.23:04:16 J.40
EN work/FIFO 1268987227 FL /home/k4user/poly-imag/archi2/projet/vhdl/FIFO.vhd \
      PB ieee/std_logic_1164 1177545575 PH ieee/NUMERIC_STD 1177545583
AR work/FIFO/Behavioral 1268987228 \
      FL /home/k4user/poly-imag/archi2/projet/vhdl/FIFO.vhd EN work/FIFO 1268987227
FL /home/k4user/poly-imag/archi2/projet/vhdl/FSM.vhd 2010/03/17.20:15:34 J.40
EN work/FSM 1268987233 FL /home/k4user/poly-imag/archi2/projet/vhdl/FSM.vhd \
      PB ieee/std_logic_1164 1177545575 PH ieee/NUMERIC_STD 1177545583
AR work/FSM/Behavioral 1268987234 \
      FL /home/k4user/poly-imag/archi2/projet/vhdl/FSM.vhd EN work/FSM 1268987233
FL /home/k4user/poly-imag/archi2/projet/vhdl/GeneRGB.vhd 2010/03/12.12:56:32 J.40
EN work/GeneRGB 1268987231 \
      FL /home/k4user/poly-imag/archi2/projet/vhdl/GeneRGB.vhd \
      PB ieee/std_logic_1164 1177545575 PH ieee/NUMERIC_STD 1177545583
AR work/GeneRGB/Behavioral 1268987232 \
      FL /home/k4user/poly-imag/archi2/projet/vhdl/GeneRGB.vhd EN work/GeneRGB 1268987231 \
      CP fast_adder
FL /home/k4user/poly-imag/archi2/projet/vhdl/GeneSync.vhd 2010/02/17.01:00:25 J.40
EN work/GeneSync 1268987229 \
      FL /home/k4user/poly-imag/archi2/projet/vhdl/GeneSync.vhd \
      PB ieee/std_logic_1164 1177545575 PH ieee/NUMERIC_STD 1177545583
AR work/GeneSync/Behavioral 1268987230 \
      FL /home/k4user/poly-imag/archi2/projet/vhdl/GeneSync.vhd EN work/GeneSync 1268987229
FL /home/k4user/poly-imag/archi2/projet/vhdl/IRQ.vhd 2010/02/24.04:00:35 J.40
EN work/IRQ 1268987245 FL /home/k4user/poly-imag/archi2/projet/vhdl/IRQ.vhd \
      PB ieee/std_logic_1164 1177545575 PH ieee/NUMERIC_STD 1177545583
AR work/IRQ/Behavioral 1268987246 \
      FL /home/k4user/poly-imag/archi2/projet/vhdl/IRQ.vhd EN work/IRQ 1268987245 \
      CP reg16
FL /home/k4user/poly-imag/archi2/projet/vhdl/MMU.vhd 2010/02/26.09:08:30 J.40
EN work/MMU 1268987241 FL /home/k4user/poly-imag/archi2/projet/vhdl/MMU.vhd \
      PB ieee/std_logic_1164 1177545575 PH ieee/NUMERIC_STD 1177545583
AR work/MMU/Behavioral 1268987242 \
      FL /home/k4user/poly-imag/archi2/projet/vhdl/MMU.vhd EN work/MMU 1268987241
FL /home/k4user/poly-imag/archi2/projet/vhdl/mux_16_1.vhd 2010/02/08.14:07:50 J.40
EN work/mux_16_1 1265743535 \
      FL /home/k4user/poly-imag/archi2/projet/vhdl/mux_16_1.vhd \
      PB ieee/std_logic_1164 1177545575 PB ieee/std_logic_arith 1177545576 \
      PB ieee/STD_LOGIC_UNSIGNED 1177545583
AR work/mux_16_1/Behavioral 1265743536 \
      FL /home/k4user/poly-imag/archi2/projet/vhdl/mux_16_1.vhd EN work/mux_16_1 1265743535
FL /home/k4user/poly-imag/archi2/projet/vhdl/mux_2_16.vhd 2010/02/25.19:35:06 J.40
EN work/mux_2_16 1268849733 \
      FL /home/k4user/poly-imag/archi2/projet/vhdl/mux_2_16.vhd \
      PB ieee/std_logic_1164 1177545575
AR work/mux_2_16/Behavioral 1268849734 \
      FL /home/k4user/poly-imag/archi2/projet/vhdl/mux_2_16.vhd EN work/mux_2_16 1268849733
FL /home/k4user/poly-imag/archi2/projet/vhdl/mux_4_16.vhd 2010/02/17.00:44:32 J.40
EN work/mux_4_16 1267122590 \
      FL /home/k4user/poly-imag/archi2/projet/vhdl/mux_4_16.vhd \
      PB ieee/std_logic_1164 1177545575
AR work/mux_4_16/Behavioral 1267122591 \
      FL /home/k4user/poly-imag/archi2/projet/vhdl/mux_4_16.vhd EN work/mux_4_16 1267122590
FL /home/k4user/poly-imag/archi2/projet/vhdl/mux_8_16.vhd 2010/02/15.16:05:45 J.40
EN work/mux_8_16 1266274114 \
      FL /home/k4user/poly-imag/archi2/projet/vhdl/mux_8_16.vhd \
      PB ieee/std_logic_1164 1177545575
AR work/mux_8_16/Behavioral 1266274115 \
      FL /home/k4user/poly-imag/archi2/projet/vhdl/mux_8_16.vhd EN work/mux_8_16 1266274114
FL /home/k4user/poly-imag/archi2/projet/vhdl/PO.vhd 2010/03/17.20:17:42 J.40
EN work/PO 1268987235 FL /home/k4user/poly-imag/archi2/projet/vhdl/PO.vhd \
      PB ieee/std_logic_1164 1177545575 PH ieee/NUMERIC_STD 1177545583
AR work/PO/Behavioral 1268987236 \
      FL /home/k4user/poly-imag/archi2/projet/vhdl/PO.vhd EN work/PO 1268987235 \
      CP reg1 CP reg16 CP UAL CP cond_checker
FL /home/k4user/poly-imag/archi2/projet/vhdl/Processeur.vhd 2010/03/17.19:30:06 J.40
EN work/Processeur 1268987237 \
      FL /home/k4user/poly-imag/archi2/projet/vhdl/Processeur.vhd \
      PB ieee/std_logic_1164 1177545575
AR work/Processeur/Behavioral 1268987238 \
      FL /home/k4user/poly-imag/archi2/projet/vhdl/Processeur.vhd \
      EN work/Processeur 1268987237 CP FSM CP PO
FL /home/k4user/poly-imag/archi2/projet/vhdl/ProcesseurAndCo.vhd 2010/02/28.22:09:03 J.40
EN work/ProcesseurAndCo 1268987253 \
      FL /home/k4user/poly-imag/archi2/projet/vhdl/ProcesseurAndCo.vhd \
      PB ieee/std_logic_1164 1177545575 PH ieee/NUMERIC_STD 1177545583
AR work/ProcesseurAndCo/Behavioral 1268987254 \
      FL /home/k4user/poly-imag/archi2/projet/vhdl/ProcesseurAndCo.vhd \
      EN work/ProcesseurAndCo 1268987253 CP Processeur CP ROMPROG CP MMU \
      CP RAMDoublePort CP IRQ CP VGA CP PS2 CP Timer
FL /home/k4user/poly-imag/archi2/projet/vhdl/PS2.vhd 2010/03/09.23:32:26 J.40
EN work/PS2 1268987249 FL /home/k4user/poly-imag/archi2/projet/vhdl/PS2.vhd \
      PB ieee/std_logic_1164 1177545575 PH ieee/NUMERIC_STD 1177545583
AR work/PS2/Behavioral 1268987250 \
      FL /home/k4user/poly-imag/archi2/projet/vhdl/PS2.vhd EN work/PS2 1268987249 \
      CP FIFO
FL /home/k4user/poly-imag/archi2/projet/vhdl/RAMDoublePort.vhd 2010/03/19.09:26:41 J.40
EN work/RAMDoublePort 1268987243 \
      FL /home/k4user/poly-imag/archi2/projet/vhdl/RAMDoublePort.vhd \
      PB ieee/std_logic_1164 1177545575 PH ieee/NUMERIC_STD 1177545583
AR work/RAMDoublePort/Behavioral 1268987244 \
      FL /home/k4user/poly-imag/archi2/projet/vhdl/RAMDoublePort.vhd \
      EN work/RAMDoublePort 1268987243
FL /home/k4user/poly-imag/archi2/projet/vhdl/reg1.vhd 2010/02/24.23:17:27 J.40
EN work/reg1 1268987219 FL /home/k4user/poly-imag/archi2/projet/vhdl/reg1.vhd \
      PB ieee/std_logic_1164 1177545575
AR work/reg1/Behavioral 1268987220 \
      FL /home/k4user/poly-imag/archi2/projet/vhdl/reg1.vhd EN work/reg1 1268987219
FL /home/k4user/poly-imag/archi2/projet/vhdl/reg16.vhd 2010/02/24.23:17:31 J.40
EN work/reg16 1268987221 FL /home/k4user/poly-imag/archi2/projet/vhdl/reg16.vhd \
      PB ieee/std_logic_1164 1177545575
AR work/reg16/Behavioral 1268987222 \
      FL /home/k4user/poly-imag/archi2/projet/vhdl/reg16.vhd EN work/reg16 1268987221
FL /home/k4user/poly-imag/archi2/projet/vhdl/reg16inc.vhd 2010/02/15.16:03:54 J.40
EN work/reg16inc 1266246271 \
      FL /home/k4user/poly-imag/archi2/projet/vhdl/reg16inc.vhd \
      PB ieee/std_logic_1164 1177545575 PH ieee/NUMERIC_STD 1177545583
AR work/reg16inc/Behavioral 1266246272 \
      FL /home/k4user/poly-imag/archi2/projet/vhdl/reg16inc.vhd EN work/reg16inc 1266246271 \
      CP reg16 CP mux_2_16
FL /home/k4user/poly-imag/archi2/projet/vhdl/ROMPROG.vhd 2010/03/19.09:26:40 J.40
EN work/ROMPROG 1268987239 \
      FL /home/k4user/poly-imag/archi2/projet/vhdl/ROMPROG.vhd \
      PB ieee/std_logic_1164 1177545575 PH ieee/NUMERIC_STD 1177545583
AR work/ROMPROG/Behavioral 1268987240 \
      FL /home/k4user/poly-imag/archi2/projet/vhdl/ROMPROG.vhd EN work/ROMPROG 1268987239
FL /home/k4user/poly-imag/archi2/projet/vhdl/shifter.vhd 2010/03/16.15:22:47 J.40
EN work/shifter 1268987217 \
      FL /home/k4user/poly-imag/archi2/projet/vhdl/shifter.vhd \
      PB ieee/std_logic_1164 1177545575 PH ieee/NUMERIC_STD 1177545583
AR work/shifter/Behavioral 1268987218 \
      FL /home/k4user/poly-imag/archi2/projet/vhdl/shifter.vhd EN work/shifter 1268987217
FL /home/k4user/poly-imag/archi2/projet/vhdl/stimulus_clock.vhd 2010/02/09.19:26:47 J.40
EN work/stimulus_clock 1265740075 \
      FL /home/k4user/poly-imag/archi2/projet/vhdl/stimulus_clock.vhd \
      PB ieee/std_logic_1164 1177545575
AR work/stimulus_clock/STIMULATOR 1265740076 \
      FL /home/k4user/poly-imag/archi2/projet/vhdl/stimulus_clock.vhd \
      EN work/stimulus_clock 1265740075
FL /home/k4user/poly-imag/archi2/projet/vhdl/Timer.vhd 2010/02/28.23:39:50 J.40
EN work/Timer 1268987251 FL /home/k4user/poly-imag/archi2/projet/vhdl/Timer.vhd \
      PB ieee/std_logic_1164 1177545575 PH ieee/NUMERIC_STD 1177545583
AR work/Timer/Behavioral 1268987252 \
      FL /home/k4user/poly-imag/archi2/projet/vhdl/Timer.vhd EN work/Timer 1268987251 \
      CP reg16 CP reg1
FL /home/k4user/poly-imag/archi2/projet/vhdl/UAL.vhd 2010/03/17.00:18:47 J.40
EN work/UAL 1268987223 FL /home/k4user/poly-imag/archi2/projet/vhdl/UAL.vhd \
      PB ieee/std_logic_1164 1177545575 PH ieee/NUMERIC_STD 1177545583
AR work/UAL/Behavioral 1268987224 \
      FL /home/k4user/poly-imag/archi2/projet/vhdl/UAL.vhd EN work/UAL 1268987223 \
      CP fast_adder CP shifter
FL /home/k4user/poly-imag/archi2/projet/vhdl/VGA.vhd 2010/02/17.01:00:29 J.40
EN work/VGA 1268987247 FL /home/k4user/poly-imag/archi2/projet/vhdl/VGA.vhd \
      PB ieee/std_logic_1164 1177545575
AR work/VGA/Behavioral 1268987248 \
      FL /home/k4user/poly-imag/archi2/projet/vhdl/VGA.vhd EN work/VGA 1268987247 \
      CP GeneSync CP GeneRGB
