--------------------------------------------------------------------------------
Release 9.2.04i Trace 
Copyright (c) 1995-2007 Xilinx, Inc.  All rights reserved.

trce -ise /home/k4user/poly-imag/archi2/projet/ise/ProcesseurAndCo.ise
-intstyle ise -e 3 -s 4 -xml ProcesseurAndCo ProcesseurAndCo.ncd -o
ProcesseurAndCo.twr ProcesseurAndCo.pcf -ucf
/home/k4user/poly-imag/archi2/projet/ProcesseurAndCo.ucf

Design file:              ProcesseurAndCo.ncd
Physical constraint file: ProcesseurAndCo.pcf
Device,package,speed:     xc3s1000,ft256,-4 (PRODUCTION 1.39 2007-10-19)
Report level:             error report

Environment Variable      Effect 
--------------------      ------ 
NONE                      No environment variables were set
--------------------------------------------------------------------------------

INFO:Timing:2698 - No timing constraints found, doing default enumeration.
INFO:Timing:2752 - To get complete path coverage, use the unconstrained paths 
   option. All paths that are not constrained will be reported in the 
   unconstrained paths section(s) of the report.
INFO:Timing:3339 - The clock-to-out numbers in this timing report are based on 
   a 50 Ohm transmission line loading model.  For the details of this model, 
   and for more information on accounting for different loading conditions, 
   please see the device datasheet.



Data Sheet report:
-----------------
All values displayed in nanoseconds (ns)

Setup/Hold to clock CLK
-------------+------------+------------+------------------+--------+
             |  Setup to  |  Hold to   |                  | Clock  |
Source       | clk (edge) | clk (edge) |Internal Clock(s) | Phase  |
-------------+------------+------------+------------------+--------+
OSCILLATOR   |    4.867(R)|   -1.810(R)|CLK_BUFGP         |   0.000|
PS2C         |    8.822(R)|    0.751(R)|CLK_BUFGP         |   0.000|
PS2D         |    9.697(R)|   -5.778(R)|CLK_BUFGP         |   0.000|
PUSHBUTTON<0>|    7.444(R)|   -3.758(R)|CLK_BUFGP         |   0.000|
PUSHBUTTON<1>|    7.416(R)|   -3.902(R)|CLK_BUFGP         |   0.000|
PUSHBUTTON<2>|    7.592(R)|   -3.920(R)|CLK_BUFGP         |   0.000|
RESET        |    9.885(R)|   -1.408(R)|CLK_BUFGP         |   0.000|
RXD          |    9.585(R)|   -5.411(R)|CLK_BUFGP         |   0.000|
RXDA         |    7.282(R)|   -3.427(R)|CLK_BUFGP         |   0.000|
SLIDER<0>    |    6.500(R)|   -2.700(R)|CLK_BUFGP         |   0.000|
SLIDER<1>    |    7.126(R)|   -2.981(R)|CLK_BUFGP         |   0.000|
SLIDER<2>    |    5.458(R)|   -1.959(R)|CLK_BUFGP         |   0.000|
SLIDER<3>    |    5.945(R)|   -2.839(R)|CLK_BUFGP         |   0.000|
SLIDER<4>    |    6.710(R)|   -2.955(R)|CLK_BUFGP         |   0.000|
SLIDER<5>    |    7.686(R)|   -3.689(R)|CLK_BUFGP         |   0.000|
SLIDER<6>    |    8.773(R)|   -5.045(R)|CLK_BUFGP         |   0.000|
SLIDER<7>    |    7.423(R)|   -3.834(R)|CLK_BUFGP         |   0.000|
-------------+------------+------------+------------------+--------+

Clock CLK to Pad
------------+------------+------------------+--------+
            | clk (edge) |                  | Clock  |
Destination |   to PAD   |Internal Clock(s) | Phase  |
------------+------------+------------------+--------+
ANODE<0>    |    7.254(R)|CLK_BUFGP         |   0.000|
B           |   18.392(R)|CLK_BUFGP         |   0.000|
G           |   18.391(R)|CLK_BUFGP         |   0.000|
HS          |   12.848(R)|CLK_BUFGP         |   0.000|
LED<0>      |    7.454(R)|CLK_BUFGP         |   0.000|
LED<1>      |    7.257(R)|CLK_BUFGP         |   0.000|
LED<2>      |    7.454(R)|CLK_BUFGP         |   0.000|
LED<3>      |    7.308(R)|CLK_BUFGP         |   0.000|
LED<4>      |    7.341(R)|CLK_BUFGP         |   0.000|
LED<5>      |    7.201(R)|CLK_BUFGP         |   0.000|
LED<6>      |    7.235(R)|CLK_BUFGP         |   0.000|
LED<7>      |    7.250(R)|CLK_BUFGP         |   0.000|
R           |   18.383(R)|CLK_BUFGP         |   0.000|
SEGMENT<0>  |    7.298(R)|CLK_BUFGP         |   0.000|
SEGMENT<1>  |    7.454(R)|CLK_BUFGP         |   0.000|
SEGMENT<2>  |    7.285(R)|CLK_BUFGP         |   0.000|
SEGMENT<3>  |    7.257(R)|CLK_BUFGP         |   0.000|
SEGMENT<4>  |    7.331(R)|CLK_BUFGP         |   0.000|
SEGMENT<5>  |    7.488(R)|CLK_BUFGP         |   0.000|
SEGMENT<6>  |    7.285(R)|CLK_BUFGP         |   0.000|
VS          |   14.375(R)|CLK_BUFGP         |   0.000|
------------+------------+------------------+--------+

Clock to Setup on destination clock CLK
---------------+---------+---------+---------+---------+
               | Src:Rise| Src:Fall| Src:Rise| Src:Fall|
Source Clock   |Dest:Rise|Dest:Rise|Dest:Fall|Dest:Fall|
---------------+---------+---------+---------+---------+
CLK            |   15.537|         |         |         |
---------------+---------+---------+---------+---------+


Analysis completed Fri Mar 12 12:32:16 2010 
--------------------------------------------------------------------------------

Trace Settings:
-------------------------
Trace Settings 

Peak Memory Usage: 105 MB



