---------------------------------------------------------------------
FPGA Xplorer (tm) Version 9.1.03i

2010-02-24 19:12:58

Command: xplorer ProcesseurAndCo.ngc -wd=/home/k4user/poly-imag/archi2/projet/ise -sd=. -uc=/home/k4user/poly-imag/archi2/projet/ProcesseurAndCo.ucf -p=xc3s1000-ft256-4 -max_runs=7 -intstyle=ise -ise=ProcesseurAndCo.ise

---------------------------------------------------------------------
 Run 1
---------------------------------------------------------------------
 Map options                         :  -p xc3s1000-ft256-4 -timing -ol high -xe n 
 Par options                         :  -w -ol high -xe n
 Achieved Timing Score               :  0.00
 Current Best (Lowest) Timing Score  :  0.00
 Current Best Run                    :  1
---------------------------------------------------------------------
---------------------------------------------------------------------
 BestRun : Run 1
---------------------------------------------------------------------
 Map options                         :  -p xc3s1000-ft256-4 -timing -ol high -xe n 
 Par options                         :  -w -ol high -xe n
 Achieved Timing Score               :  0.00
---------------------------------------------------------------------
