--------------------------------------------------------------------------------
Release 9.2i Trace 
Copyright (c) 1995-2007 Xilinx, Inc.  All rights reserved.

trce -ise /home/k4user/poly-imag/archi2/projet/ise/ProcesseurAndCo.ise
-intstyle ise -e 3 -s 4 -xml ProcesseurAndCo ProcesseurAndCo.ncd -o
ProcesseurAndCo.twr ProcesseurAndCo.pcf -ucf
/home/k4user/poly-imag/archi2/projet/ProcesseurAndCo.ucf

Design file:              ProcesseurAndCo.ncd
Physical constraint file: ProcesseurAndCo.pcf
Device,package,speed:     xc3s1000,ft256,-4 (PRODUCTION 1.39 2007-04-13)
Report level:             error report

Environment Variable      Effect 
--------------------      ------ 
NONE                      No environment variables were set
--------------------------------------------------------------------------------

INFO:Timing:2698 - No timing constraints found, doing default enumeration.
INFO:Timing:2752 - To get complete path coverage, use the unconstrained paths 
   option. All paths that are not constrained will be reported in the 
   unconstrained paths section(s) of the report.
INFO:Timing:3339 - The clock-to-out numbers in this timing report are based on 
   a 50 Ohm transmission line loading model.  For the details of this model, 
   and for more information on accounting for different loading conditions, 
   please see the device datasheet.



Data Sheet report:
-----------------
All values displayed in nanoseconds (ns)

Setup/Hold to clock CLK
-------------+------------+------------+------------------+--------+
             |  Setup to  |  Hold to   |                  | Clock  |
Source       | clk (edge) | clk (edge) |Internal Clock(s) | Phase  |
-------------+------------+------------+------------------+--------+
OSCILLATOR   |    6.357(R)|   -2.125(R)|CLK_BUFGP         |   0.000|
PS2C         |    6.098(R)|   -2.774(R)|CLK_BUFGP         |   0.000|
PS2D         |    5.502(R)|   -1.999(R)|CLK_BUFGP         |   0.000|
PUSHBUTTON<0>|    7.155(R)|   -3.421(R)|CLK_BUFGP         |   0.000|
PUSHBUTTON<1>|    8.068(R)|   -3.986(R)|CLK_BUFGP         |   0.000|
PUSHBUTTON<2>|    6.167(R)|   -2.163(R)|CLK_BUFGP         |   0.000|
RESET        |   15.774(R)|   -1.930(R)|CLK_BUFGP         |   0.000|
RXD          |    7.798(R)|   -3.963(R)|CLK_BUFGP         |   0.000|
RXDA         |    5.004(R)|   -1.645(R)|CLK_BUFGP         |   0.000|
SLIDER<0>    |    5.168(R)|   -2.149(R)|CLK_BUFGP         |   0.000|
SLIDER<1>    |    6.137(R)|   -2.234(R)|CLK_BUFGP         |   0.000|
SLIDER<2>    |    6.172(R)|   -2.678(R)|CLK_BUFGP         |   0.000|
SLIDER<3>    |    6.266(R)|   -1.708(R)|CLK_BUFGP         |   0.000|
SLIDER<4>    |    5.379(R)|   -2.210(R)|CLK_BUFGP         |   0.000|
SLIDER<5>    |    6.253(R)|   -2.208(R)|CLK_BUFGP         |   0.000|
SLIDER<6>    |    5.967(R)|   -2.887(R)|CLK_BUFGP         |   0.000|
SLIDER<7>    |    8.311(R)|   -4.185(R)|CLK_BUFGP         |   0.000|
-------------+------------+------------+------------------+--------+

Clock CLK to Pad
------------+------------+------------------+--------+
            | clk (edge) |                  | Clock  |
Destination |   to PAD   |Internal Clock(s) | Phase  |
------------+------------+------------------+--------+
ANODE<0>    |    7.254(R)|CLK_BUFGP         |   0.000|
B           |   17.864(R)|CLK_BUFGP         |   0.000|
G           |   17.523(R)|CLK_BUFGP         |   0.000|
HS          |   11.607(R)|CLK_BUFGP         |   0.000|
LED<0>      |    7.454(R)|CLK_BUFGP         |   0.000|
LED<1>      |    7.256(R)|CLK_BUFGP         |   0.000|
LED<2>      |    7.454(R)|CLK_BUFGP         |   0.000|
LED<3>      |    7.304(R)|CLK_BUFGP         |   0.000|
LED<4>      |    7.341(R)|CLK_BUFGP         |   0.000|
LED<5>      |    7.201(R)|CLK_BUFGP         |   0.000|
LED<6>      |    7.235(R)|CLK_BUFGP         |   0.000|
LED<7>      |    7.250(R)|CLK_BUFGP         |   0.000|
R           |   17.522(R)|CLK_BUFGP         |   0.000|
SEGMENT<0>  |    7.298(R)|CLK_BUFGP         |   0.000|
SEGMENT<1>  |    7.454(R)|CLK_BUFGP         |   0.000|
SEGMENT<2>  |    7.283(R)|CLK_BUFGP         |   0.000|
SEGMENT<3>  |    7.256(R)|CLK_BUFGP         |   0.000|
SEGMENT<4>  |    7.331(R)|CLK_BUFGP         |   0.000|
SEGMENT<5>  |    7.488(R)|CLK_BUFGP         |   0.000|
SEGMENT<6>  |    7.283(R)|CLK_BUFGP         |   0.000|
VS          |   13.215(R)|CLK_BUFGP         |   0.000|
------------+------------+------------------+--------+

Clock to Setup on destination clock CLK
---------------+---------+---------+---------+---------+
               | Src:Rise| Src:Fall| Src:Rise| Src:Fall|
Source Clock   |Dest:Rise|Dest:Rise|Dest:Fall|Dest:Fall|
---------------+---------+---------+---------+---------+
CLK            |   16.751|         |         |         |
---------------+---------+---------+---------+---------+


Analysis completed Fri Mar  5 10:23:10 2010 
--------------------------------------------------------------------------------

Trace Settings:
-------------------------
Trace Settings 

Peak Memory Usage: 104 MB



