Asterisk (*) preceding a constraint indicates it was not met.
   This may be due to a setup or hold violation.

------------------------------------------------------------------------------------------------------
  Constraint                                |  Check  | Worst Case |  Best Case | Timing |   Timing   
                                            |         |    Slack   | Achievable | Errors |    Score   
------------------------------------------------------------------------------------------------------
  Autotimespec constraint for clock net CLK | SETUP   |         N/A|    16.561ns|     N/A|           0
  _BUFGP                                    | HOLD    |     0.496ns|            |       0|           0
------------------------------------------------------------------------------------------------------
  Autotimespec constraint for clock net cTi | SETUP   |         N/A|     5.509ns|     N/A|           0
  mer/TMR_CLK<6>                            | HOLD    |     0.451ns|            |       0|           0
------------------------------------------------------------------------------------------------------
  Autotimespec constraint for clock net cTi | SETUP   |         N/A|     6.010ns|     N/A|           0
  mer/TMR_CLK<4>                            | HOLD    |     0.752ns|            |       0|           0
------------------------------------------------------------------------------------------------------
  Autotimespec constraint for clock net cTi | SETUP   |         N/A|     6.224ns|     N/A|         424
  mer/TMR_CLK<5>                            | HOLD    |     0.915ns|            |       0|           0
------------------------------------------------------------------------------------------------------
  Autotimespec constraint for clock net cTi | SETUP   |         N/A|     5.125ns|     N/A|           0
  mer/TMR_CLK<2>                            | HOLD    |     0.909ns|            |       0|           0
------------------------------------------------------------------------------------------------------
  Autotimespec constraint for clock net cTi | SETUP   |         N/A|     5.175ns|     N/A|           2
  mer/TMR_CLK<3>                            | HOLD    |     0.999ns|            |       0|           0
------------------------------------------------------------------------------------------------------
  Autotimespec constraint for clock net cTi | SETUP   |         N/A|     5.683ns|     N/A|           0
  mer/TMR_CLK<0>                            | HOLD    |     0.494ns|            |       0|           0
------------------------------------------------------------------------------------------------------
  Autotimespec constraint for clock net cTi | SETUP   |         N/A|     6.624ns|     N/A|           0
  mer/TMR_CLK<1>                            | HOLD    |     0.354ns|            |       0|           0
------------------------------------------------------------------------------------------------------
  Autotimespec constraint for clock net cTi | SETUP   |         N/A|     7.603ns|     N/A|           0
  mer/sCLK<1>                               | HOLD    |     0.717ns|            |       0|           0
------------------------------------------------------------------------------------------------------
  Autotimespec constraint for clock net cTi | SETUP   |         N/A|     7.034ns|     N/A|         259
  mer/sCLK<2>                               | HOLD    |     0.410ns|            |       0|           0
------------------------------------------------------------------------------------------------------
  Autotimespec constraint for clock net cPS | SETUP   |         N/A|     7.008ns|     N/A|         809
  2/PS2Csmooth                              | HOLD    |     0.416ns|            |       0|           0
------------------------------------------------------------------------------------------------------


4 constraints not met.
INFO:Timing:2761 - N/A entries in the Constraints list may indicate that the 
   constraint does not cover any paths or that it has no requested value.


